// Jest Snapshot v1, https://goo.gl/fbAQLP

exports[`Footer component matches snapshot 1`] = `
<DocumentFragment>
  <footer>
    <h3>
      Find Me:
    </h3>
    <ul>
      <li>
        <a
          href="https://github.com/McAmy2001"
          rel="noopener noreferrer"
          target="_blank"
        >
          GitHub
        </a>
      </li>
      <li>
        <a
          href="https://www.linkedin.com/in/amy-mccabe-mcamy2001"
          rel="noopener noreferrer"
          target="_blank"
        >
          LinkedIn
        </a>
      </li>
    </ul>
  </footer>
</DocumentFragment>
`;
